这是test1的日志：
1.2017-6-25创建了
2.2017-6-26修改了。